[seed=42] embeddings shape: ID=(2000, 32), OOD=(500, 32)
[seed=42] AUC_OOD: TS=0.3610  Static=0.4543  EG=0.5250  SW=0.3198  Delta(TS-static)=-0.0933
[seed=42] AUC_ID:  TS=0.5633  Static=0.5035
[seed=42] cumulative_regret_500=53.7445  avg_cost_ood_ts=0.9613  elapsed=1.5s
[seed=123] embeddings shape: ID=(2000, 32), OOD=(500, 32)
[seed=123] AUC_OOD: TS=0.4899  Static=0.4613  EG=0.4845  SW=0.3171  Delta(TS-static)=0.0286
[seed=123] AUC_ID:  TS=0.5627  Static=0.5039
[seed=123] cumulative_regret_500=67.3706  avg_cost_ood_ts=0.3029  elapsed=1.4s
[seed=7] embeddings shape: ID=(2000, 32), OOD=(500, 32)
[seed=7] AUC_OOD: TS=0.4616  Static=0.4522  EG=0.5331  SW=0.3170  Delta(TS-static)=0.0095
[seed=7] AUC_ID:  TS=0.5691  Static=0.5049
[seed=7] cumulative_regret_500=80.3050  avg_cost_ood_ts=0.3336  elapsed=1.5s
[seed=2024] embeddings shape: ID=(2000, 32), OOD=(500, 32)
[seed=2024] AUC_OOD: TS=0.3182  Static=0.4625  EG=0.4570  SW=0.3108  Delta(TS-static)=-0.1443
[seed=2024] AUC_ID:  TS=0.5597  Static=0.5011
[seed=2024] cumulative_regret_500=125.8823  avg_cost_ood_ts=0.3691  elapsed=1.5s
[seed=99] embeddings shape: ID=(2000, 32), OOD=(500, 32)
[seed=99] AUC_OOD: TS=0.4743  Static=0.4640  EG=0.5035  SW=0.3227  Delta(TS-static)=0.0103
[seed=99] AUC_ID:  TS=0.5637  Static=0.5045
[seed=99] cumulative_regret_500=79.6132  avg_cost_ood_ts=0.2699  elapsed=1.4s

[summary] quality_cost_auc_ood_delta: mean=-0.0379 ±0.0684  hypothesis_pass=False
[summary] result written to result.json
